
> rest-express@1.0.0 build
> vite build && esbuild server/index.ts --platform=node --packages=external --bundle --format=esm --outdir=dist

vite v5.4.19 building for production...
transforming...
Browserslist: browsers data (caniuse-lite) is 9 months old. Please run:
  npx update-browserslist-db@latest
  Why you should do it regularly: https://github.com/browserslist/update-db#readme
✓ 1724 modules transformed.
rendering chunks...
computing gzip size...
../dist/public/index.html                   8.08 kB │ gzip:   2.50 kB
../dist/public/assets/index-2BmcWA5q.css   70.69 kB │ gzip:  12.22 kB
../dist/public/assets/index-B4yoqNDE.js   426.40 kB │ gzip: 121.78 kB
✓ built in 9.93s

  dist/index.js  11.2kb

⚡ Done in 10ms
